python : E
At line:1 char:1
+ python -m unittest 
discover -s ml -p 
"test*.py" > 
test_output.txt 2>& 
...
+ ~~~~~~~~~~~~~~~~~~~~
~~~~~~~~~~~~~~~~~~~~~~
~~~~~~~~~~~~~~~~~~~~~~
~~~~~
    + CategoryInfo    
          : NotSpeci  
  fied: (E:String)    
 [], RemoteExcepti    
on
    + FullyQualifiedE 
   rrorId : NativeCo  
  mmandError
 
======================
======================
======================
====
ERROR: test_ml (unitte
st.loader._FailedTest.
test_ml)
----------------------
----------------------
----------------------
----
ImportError: Failed 
to import test 
module: test_ml
Traceback (most 
recent call last):
  File 
"C:\Users\PIYUSH KUMAR
\AppData\Local\Program
s\Python\Python313\Lib
\unittest\loader.py", 
line 396, in 
_find_test_path
    module = self._get
_module_from_name(name
)
  File 
"C:\Users\PIYUSH KUMAR
\AppData\Local\Program
s\Python\Python313\Lib
\unittest\loader.py", 
line 339, in 
_get_module_from_name
    __import__(name)
    ~~~~~~~~~~^^^^^^
  File 
"C:\Users\PIYUSH KUMAR
\OneDrive\Documents\yu
gal_BC\ml\test_ml.py",
 line 12, in <module>
    from optimizer 
import run_optimizer
ImportError: cannot 
import name 
'run_optimizer' from 
'optimizer' 
(C:\Users\PIYUSH KUMAR
\OneDrive\Documents\yu
gal_BC\ml\optimizer.py
)


----------------------
----------------------
----------------------
----
Ran 1 test in 0.000s

FAILED (errors=1)
